[2026-08-12T01:40:01.417818+00:00] 신규 Motional 파일 없음. 발행할 대상이 없습니다.
[2026-08-12T01:50:01.139773+00:00] 신규 Motional 파일 없음. 발행할 대상이 없습니다.
[2026-08-12T02:00:01.920542+00:00] 신규 Motional 파일 없음. 발행할 대상이 없습니다.
%6|1786500602.716|GETSUBSCRIPTIONS|rdkafka#producer-1| [thrd:main]: Telemetry client instance id changed from AAAAAAAAAAAAAAAAAAAAAA to MsNW2PxPSmGFXDgaWCVRfw
[2026-08-12T02:10:01.608207+00:00] 발행 대상: 1개 (전체 9개 중 신규 1개)
[2026-08-12T02:10:02.614689+00:00] [1/1] 발행 중: Rec_Drv_GER_MACHET18_TEST_DUMMY (jobId=motional-verify-009)
[2026-08-12T02:10:02.728523+00:00]   ✓ 발행 완료: 파티션=2, 오프셋=4
[2026-08-12T02:10:02.728960+00:00] 전체 발행 완료. 누적 발행 건수: 9
[2026-08-12T02:20:01.272544+00:00] 신규 Motional 파일 없음. 발행할 대상이 없습니다.
[2026-08-12T02:30:01.942654+00:00] 신규 Motional 파일 없음. 발행할 대상이 없습니다.
[2026-08-12T02:40:01.560536+00:00] 신규 Motional 파일 없음. 발행할 대상이 없습니다.
[2026-08-12T02:50:01.185794+00:00] 신규 Motional 파일 없음. 발행할 대상이 없습니다.
[2026-08-12T03:00:01.822498+00:00] 신규 Motional 파일 없음. 발행할 대상이 없습니다.
[2026-08-12T03:10:01.437018+00:00] 신규 Motional 파일 없음. 발행할 대상이 없습니다.
[2026-08-12T03:20:02.081919+00:00] 신규 Motional 파일 없음. 발행할 대상이 없습니다.
[2026-08-12T03:30:01.857139+00:00] 신규 Motional 파일 없음. 발행할 대상이 없습니다.
[2026-08-12T03:40:01.576736+00:00] 신규 Motional 파일 없음. 발행할 대상이 없습니다.
[2026-08-12T03:50:01.279502+00:00] 신규 Motional 파일 없음. 발행할 대상이 없습니다.
[2026-08-12T04:00:02.008758+00:00] 신규 Motional 파일 없음. 발행할 대상이 없습니다.
[2026-08-12T04:10:01.728036+00:00] 신규 Motional 파일 없음. 발행할 대상이 없습니다.
[2026-08-12T04:20:01.316957+00:00] 신규 Motional 파일 없음. 발행할 대상이 없습니다.
[2026-08-12T04:30:01.926442+00:00] 신규 Motional 파일 없음. 발행할 대상이 없습니다.
